// Jest Snapshot v1, https://goo.gl/fbAQLP

exports[`CounterComponent should do match with snapshot 1`] = `
<div
  id="root1"
>
  <h1>
    Couter: 10
  </h1>
  <hr />
  <button
    class="btn btn-primary mx-1"
  >
    -1
  </button>
  <button
    class="btn btn-primary mx-1"
  >
    +1
  </button>
</div>
`;
