// Jest Snapshot v1, https://goo.gl/fbAQLP

exports[`FatherComponent should do match to snapshot 1`] = `
<div
  id="root1"
>
  <h1>
    Father Component
  </h1>
  <button
    class="btn btn-primary"
  >
    Load Client
  </button>
  <br />
  <br />
  <code
    class="mt-2"
  >
    
  </code>
  <hr />
  <app-son>
    <h5>
      Son Component
    </h5>
    <code>
      
    </code>
    <br />
    <br />
    
    
  </app-son>
</div>
`;
